src/App.tsx(5,25): error TS1484: 'ChatMessage' is a type and must be imported using a type-only import when 'verbatimModuleSyntax' is enabled.
src/App.tsx(6,28): error TS1484: 'WeatherData' is a type and must be imported using a type-only import when 'verbatimModuleSyntax' is enabled.
src/components/WeatherWidget.tsx(3,10): error TS1484: 'WeatherData' is a type and must be imported using a type-only import when 'verbatimModuleSyntax' is enabled.
